{"schema_version":1,"severity":"warning","code":"name-case-collision","category":"name","pass":"upass.ssa","message":"variables `clk` and `CLK` differ only in letter case; Pyrope is case sensitive, but this feels wrong","span":{"source_id":17282279702223524742,"file":"../../../../mada/users/renau/projs/lhdtrack/var/work/20260924T194843/br_tracker_reorder_buffer_ctrl_1r1w/dw32_eiw4_ne16_rrl0_rpo0/asap7/syn_lhd_verilog_usyn/emitted-netlist-all.v","start_byte":185780,"end_byte":185780,"start_line":5737,"start_col":22,"end_line":5737,"end_col":22},"hint":"rename one of them if they were meant to be the same variable","seq":0}
{"schema_version":1,"severity":"warning","code":"name-case-collision","category":"name","pass":"upass.ssa","message":"variables `clk` and `CLK` differ only in letter case; Pyrope is case sensitive, but this feels wrong","span":{"source_id":9321613833179141695,"file":"../../../../mada/users/renau/projs/lhdtrack/var/work/20260924T194843/br_tracker_reorder_buffer_ctrl_1r1w/dw32_eiw4_ne16_rrl0_rpo0/asap7/syn_lhd_verilog_usyn/emitted-netlist-all.v","start_byte":122235,"end_byte":122235,"start_line":3748,"start_col":22,"end_line":3748,"end_col":22},"hint":"rename one of them if they were meant to be the same variable","seq":1}
{"schema_version":1,"severity":"info","code":"lec-detecting","category":"progress","pass":"pass.lec","message":"lec: detecting equivalence of 'br_tracker_reorder_buffer_ctrl_1r1w' vs 'br_tracker_reorder_buffer_ctrl_1r1w' (engine=auto, solver=cvc5, timeout=10s)","span":null,"seq":2}
{"schema_version":1,"severity":"info","code":"lec-block-proven","category":"progress","pass":"pass.lec","message":"lec block 'br_tracker_reorder_buffer_ctrl_1r1w' pass","span":null,"verdict":"pass","engine":"ind","duration_ms":482,"attrs":{"detail":"auto: ind reached Proven first in 482ms (raced ind|bmc); solver=cvc5 (cvc5 direct, flop-cut inductive miter); cones: 24/88 PROVEN (24 by abc in 149ms) (residue 64: 0 diff, 64 unknown, 0 unsupported); decomposed (64 cuts each UNSAT)","bound":"6"},"seq":3}
lec: inlined 32 ref and 3 impl instance(s) absent from the other hierarchy
lec[hier]: 'br_tracker_reorder_buffer_ctrl_1r1w' tier-2 unpaired state: ref{br_tracker_reorder_inst.dealloc_pending (kind/init mismatch), br_credit_sender_ram_rd_addr.br_credit_counter.value (ambiguous), br_tracker_reorder_inst.br_counter_incr_deallocate_counter.value (ambiguous), br_fifo_flops_data_skid.br_fifo_ctrl_1r1w_push_credit.br_fifo_push_ctrl_credit.full (no full match), br_fifo_flops_data_skid.br_fifo_ctrl_1r1w_push_credit.br_fifo_pop_ctrl.empty (kind/init mismatch), br_fifo_flops_data_skid.br_ram_flops.gen_row_0_gen_col_0_br_ram_flops_tile.mem (no full match), br_tracker_reorder_inst.br_tracker_sequence_allocate_counter.br_counter_incr_allocate_counter.value (ambiguous), br_tracker_reorder_inst.br_tracker_sequence_allocate_counter.br_counter_free_entry_counter.value (ambiguous), (+6 more)} impl{u_br_tracker_reorder_buffer_ctrl_1r1w__c1.`br_fifo_flops_data_skid.br_fifo_ctrl_1r1w_push_credit.br_fifo_push_ctrl_credit.br_credit_receiver.push_receiver_in_reset` (no full match), u_br_tracker_reorder_buffer_ctrl_1r1w__c1.`br_credit_sender_ram_rd_addr.br_credit_counter.value_0` (ambiguous), u_br_tracker_reorder_buffer_ctrl_1r1w__c1.`br_credit_sender_ram_rd_addr.br_credit_counter.value_1` (ambiguous), u_br_tracker_reorder_buffer_ctrl_1r1w__c1.`br_fifo_flops_data_skid.br_fifo_ctrl_1r1w_push_credit.br_fifo_push_ctrl_credit.full` (no full match), u_br_tracker_reorder_buffer_ctrl_1r1w__c1.`br_fifo_flops_data_skid.br_fifo_ctrl_1r1w_push_credit.br_fifo_push_ctrl_credit.br_credit_receiver.push_credit` (kind/init mismatch), u_br_tracker_reorder_buffer_ctrl_1r1w__c1.`br_fifo_flops_data_skid.br_fifo_ctrl_1r1w_push_credit.br_fifo_push_ctrl_credit.br_credit_receiver.br_credit_counter.value_0` (ambiguous), u_br_tracker_reorder_buffer_ctrl_1r1w__c1.`br_fifo_flops_data_skid.br_fifo_ctrl_1r1w_push_credit.br_fifo_push_ctrl_credit.br_credit_receiver.br_credit_counter.value_1` (ambiguous), u_br_tracker_reorder_buffer_ctrl_1r1w__c1.`br_fifo_flops_data_skid.br_fifo_ctrl_1r1w_push_credit.br_fifo_push_ctrl_credit.br_counter_slots.value_0` (no full match), (+98 more)}
lec[hier]: 'br_tracker_reorder_buffer_ctrl_1r1w' PROVEN (0 child collapses)
lec[hier]: 1/1 def(s) proven top-down (0 via cache, 0 via semdiff, 1 via solver)
lec[stats]: cvc5      1 solver(s), 66 check(s)
lec[stats]: problem   960 SAT atom(s), 960 input atom(s)
lec[stats]: search    192 conflict(s) = learned clause(s), 896 decision(s), 4,866 propagation(s), 64 restart(s)
lec[stats]: learned   192 of 192 literal(s) kept after minimization (0.0% removed)
lec[stats]: theory    64 lemma(s), 576 conflict(s) -- ARRAYS_READ_OVER_WRITE 64
lec[stats]: resource  67,277 unit(s) -- RewriteStep 56,118, TheoryCheckStep 3,712, SatConflictStep 1,600, DecisionStep 1,408, CnfStep 1,154, BvSatStep 783
lec[stats]: time      469 ms summed over 1 solver(s), 80 ms theory-check, 17 ms cnf -- INSTRUMENTED (see cost), and concurrent solvers overlap: NOT wall clock
lec[stats]: deep      128 learned clause(s): width p50 1, p90 2, max 2; lemma kinds ITE 2,368, NOT 576, IMPLIES 256
lec[stats]: cost      the cvc5 plugin makes the solve ~8x slower; drop --stats to time the real run
lec[stats]: hot       br_tracker_reorder_buffer_ctrl_1r1w 192 (conflict(s) per def)
lec[stats]: => rewrite-bound: 83% of 67,277 resource unit(s) went to rewriting, not search (192 conflict(s) over 960 atom(s)) -- shrink the miter rather than raising formal.timeout
lec: 'br_tracker_reorder_buffer_ctrl_1r1w' PROVEN equivalent (auto: ind reached Proven first in 482ms (raced ind|bmc); solver=cvc5 (cvc5 direct, flop-cut inductive miter); cones: 24/88 PROVEN (24 by abc in 149ms) (residue 64: 0 diff, 64 unknown, 0 unsupported); decomposed (64 cuts each UNSAT))
